../Core/Src/main.c:70:20:Force_NoRemap_TIM3	16	static
../Core/Src/main.c:76:20:Motor_SetDuty	16	static
../Core/Src/main.c:81:20:Motor_Fwd	8	static
../Core/Src/main.c:85:20:Motor_Bck	8	static
../Core/Src/main.c:89:20:Motor_Stop	8	static
../Core/Src/main.c:101:22:ReadGear_HoldPrev	24	static
../Core/Src/main.c:113:13:BtnReleaseTimerCb	48	static
../Core/Src/main.c:134:13:ControlTask	32	static
../Core/Src/main.c:191:13:MotorTask	32	static
../Core/Src/main.c:218:5:main	48	static,ignoring_inline_asm
../Core/Src/main.c:264:13:MX_TIM3_Init	48	static
../Core/Src/main.c:291:13:MX_USART2_UART_Init	8	static
../Core/Src/main.c:305:13:MX_GPIO_Init	40	static
../Core/Src/main.c:350:6:SystemClock_Config	72	static
../Core/Src/main.c:374:6:HAL_GPIO_EXTI_Callback	64	static,ignoring_inline_asm
../Core/Src/main.c:399:6:Error_Handler	4	static,ignoring_inline_asm
