../Core/Src/main.c:70:20:Force_NoRemap_TIM3	1
../Core/Src/main.c:76:20:Motor_SetDuty	2
../Core/Src/main.c:81:20:Motor_Fwd	1
../Core/Src/main.c:85:20:Motor_Bck	1
../Core/Src/main.c:89:20:Motor_Stop	1
../Core/Src/main.c:101:22:ReadGear_HoldPrev	7
../Core/Src/main.c:113:13:BtnReleaseTimerCb	4
../Core/Src/main.c:134:13:ControlTask	15
../Core/Src/main.c:191:13:MotorTask	8
../Core/Src/main.c:218:5:main	3
../Core/Src/main.c:264:13:MX_TIM3_Init	4
../Core/Src/main.c:291:13:MX_USART2_UART_Init	2
../Core/Src/main.c:305:13:MX_GPIO_Init	1
../Core/Src/main.c:350:6:SystemClock_Config	3
../Core/Src/main.c:374:6:HAL_GPIO_EXTI_Callback	7
../Core/Src/main.c:399:6:Error_Handler	1
