../Core/Src/main.c:98:20:Force_NoRemap_TIM3	16	static
../Core/Src/main.c:104:20:Motor_SetDuty	16	static
../Core/Src/main.c:109:20:Motor_Fwd	8	static
../Core/Src/main.c:113:20:Motor_Bck	8	static
../Core/Src/main.c:117:20:Motor_Stop	8	static
../Core/Src/main.c:123:22:ReadGear_HoldPrev	24	static
../Core/Src/main.c:135:13:BtnReleaseTimerCb	48	static
../Core/Src/main.c:159:5:main	48	static,ignoring_inline_asm
../Core/Src/main.c:263:6:SystemClock_Config	72	static
../Core/Src/main.c:303:13:MX_TIM3_Init	48	static
../Core/Src/main.c:352:13:MX_USART2_UART_Init	8	static
../Core/Src/main.c:384:13:MX_GPIO_Init	40	static
../Core/Src/main.c:448:6:HAL_GPIO_EXTI_Callback	64	static,ignoring_inline_asm
../Core/Src/main.c:473:13:ControlTask	32	static
../Core/Src/main.c:529:13:MotorTask	32	static
../Core/Src/main.c:575:6:Error_Handler	4	static,ignoring_inline_asm
