../Core/Src/main.c:73:6:HAL_UART_RxCpltCallback	16	static
../Core/Src/main.c:83:13:SensorTask	40	static
../Core/Src/main.c:110:13:DetectTask	256	static
../Core/Src/main.c:157:5:main	112	static
../Core/Src/main.c:251:6:SystemClock_Config	72	static
../Core/Src/main.c:291:13:MX_I2C1_Init	8	static
../Core/Src/main.c:325:13:MX_USART1_UART_Init	8	static
../Core/Src/main.c:358:13:MX_USART2_UART_Init	8	static
../Core/Src/main.c:391:13:MX_GPIO_Init	40	static
../Core/Src/main.c:447:6:StartDefaultTask	16	static
../Core/Src/main.c:462:6:Error_Handler	4	static,ignoring_inline_asm
