../Core/Src/main.c:98:20:Force_NoRemap_TIM3	1
../Core/Src/main.c:104:20:Motor_SetDuty	2
../Core/Src/main.c:109:20:Motor_Fwd	1
../Core/Src/main.c:113:20:Motor_Bck	1
../Core/Src/main.c:117:20:Motor_Stop	1
../Core/Src/main.c:123:22:ReadGear_HoldPrev	7
../Core/Src/main.c:135:13:BtnReleaseTimerCb	4
../Core/Src/main.c:159:5:main	4
../Core/Src/main.c:263:6:SystemClock_Config	3
../Core/Src/main.c:303:13:MX_TIM3_Init	4
../Core/Src/main.c:352:13:MX_USART2_UART_Init	2
../Core/Src/main.c:384:13:MX_GPIO_Init	1
../Core/Src/main.c:448:6:HAL_GPIO_EXTI_Callback	7
../Core/Src/main.c:473:13:ControlTask	12
../Core/Src/main.c:529:13:MotorTask	10
../Core/Src/main.c:575:6:Error_Handler	1
